// Jest Snapshot v1, https://goo.gl/fbAQLP

exports[`EarnEventListScreen list 1`] = `
[
  <View
    style={
      [
        {
          "backgroundColor": "#FFFFFF",
          "flexBasis": 0,
          "flexGrow": 1,
          "flexShrink": 1,
        },
      ]
    }
  >
    <View
      style={
        [
          {
            "alignItems": "flex-start",
            "flexDirection": "row",
          },
        ]
      }
    >
      <Text
        style={
          [
            {
              "color": "#000000",
              "fontFamily": "AppleSDGothicNeoH00",
              "fontSize": 56,
              "fontWeight": "800",
              "lineHeight": 48,
              "paddingBottom": 24,
              "paddingLeft": 48,
              "paddingRight": 32,
              "paddingTop": 48,
            },
          ]
        }
      >
        event_screen_title
      </Text>
      <View
        style={
          [
            {
              "alignSelf": "center",
              "backgroundColor": "#FFC400",
              "borderRadius": 8,
              "paddingBottom": 8,
              "paddingLeft": 12,
              "paddingRight": 12,
              "paddingTop": 8,
            },
          ]
        }
      >
        <Text
          style={
            [
              {
                "backgroundColor": "#FFC400",
                "color": "#000000",
                "fontFamily": "AppleSDGothicNeoH00",
                "fontSize": 20,
                "fontWeight": "700",
              },
            ]
          }
        >
          beta
        </Text>
      </View>
    </View>
    <View
      style={
        [
          {
            "flexBasis": 0,
            "flexGrow": 1,
            "flexShrink": 1,
          },
        ]
      }
    >
      <View
        style={
          [
            {
              "display": "flex",
              "height": "100%",
              "justifyContent": "center",
              "position": "absolute",
              "width": "100%",
            },
          ]
        }
      >
        <View
          style={
            {
              "flex": 1,
              "overflow": "hidden",
            }
          }
        >
          <RCTScrollView
            applyWindowCorrection={[Function]}
            canChangeSize={true}
            contentContainerStyle={
              {
                "backgroundColor": undefined,
                "minHeight": 1,
                "minWidth": 1,
                "paddingLeft": 0,
                "paddingRight": 0,
              }
            }
            contentHeight={0}
            contentWidth={0}
            data={
              [
                {
                  "alias": "tada-mvp",
                  "app": {
                    "connectionDeepLink": null,
                    "id": "3d100001-ffff-4000-a000-000000000000",
                    "name": "TADA-DRIVER-STAGING",
                  },
                  "calcInfoPageUrl": "https://backend.stage-1pei.mvlnft.io/v1/earn-event/web/65974552-8035-4242-9eb6-1a3ad2321094/claim/calc",
                  "claimEndAt": "2022-12-07T23:00:00.000Z",
                  "claimStartAt": "2022-11-14T23:00:00.000Z",
                  "claimType": "CONSTANT",
                  "currency": "bMVL",
                  "currencyIconUrl": "https://mvl-nft-user-service.s3.ap-northeast-2.amazonaws.com/assets/mvl.svg",
                  "detailPageUrl": "https://backend.stage-1pei.mvlnft.io/v1/earn-event/web/65974552-8035-4242-9eb6-1a3ad2321094/detail",
                  "eventActionButtonTitle": "Claim",
                  "eventActionScheme": "***REMOVED***://clutch/connect",
                  "eventEndAt": "2022-11-11T23:00:00.000Z",
                  "eventStartAt": "2022-11-07T23:00:00.000Z",
                  "iconUrl": "https://mvl-nft-user-service.s3.ap-northeast-2.amazonaws.com/clutch/earn-event/uploaded/laywhqudfrtpouc",
                  "id": "65974552-8035-4242-9eb6-1a3ad2321094",
                  "isAllowParticipationInClaim": true,
                  "pointIconUrl": "https://mvl-nft-user-service.s3.ap-northeast-2.amazonaws.com/clutch/earn-event/uploaded/tzxdeylef71m0c",
                  "pointInfoArr": [
                    {
                      "currency": "MVL",
                      "key": "k0",
                      "title": "수령가능한 MVL",
                    },
                  ],
                  "subTitle": "to MVL coins for Driver",
                  "title": "STAGING!! Exchange MVL points",
                },
                {
                  "alias": "tada-mvp",
                  "app": {
                    "connectionDeepLink": null,
                    "id": "3d100001-eeee-4000-a000-000000000000",
                    "name": "TADA-DRIVER-DEV",
                  },
                  "calcInfoPageUrl": "https://backend.stage-1pei.mvlnft.io/v1/earn-event/web/6360d830-8b30-4b8d-8b7b-4994d23f12eb/claim/calc",
                  "claimEndAt": "2022-12-07T23:00:00.000Z",
                  "claimStartAt": "2022-11-14T23:00:00.000Z",
                  "claimType": "CONSTANT",
                  "currency": "bMVL",
                  "currencyIconUrl": "https://mvl-nft-user-service.s3.ap-northeast-2.amazonaws.com/assets/mvl.svg",
                  "detailPageUrl": "https://backend.stage-1pei.mvlnft.io/v1/earn-event/web/6360d830-8b30-4b8d-8b7b-4994d23f12eb/detail",
                  "eventActionButtonTitle": "Claim",
                  "eventActionScheme": "***REMOVED***://clutch/connect",
                  "eventEndAt": "2022-11-13T23:00:00.000Z",
                  "eventStartAt": "2022-11-12T23:00:00.000Z",
                  "iconUrl": "https://mvl-nft-user-service.s3.ap-northeast-2.amazonaws.com/clutch/earn-event/uploaded/laywhqudfrtpouc",
                  "id": "6360d830-8b30-4b8d-8b7b-4994d23f12eb",
                  "isAllowParticipationInClaim": true,
                  "pointIconUrl": "https://mvl-nft-user-service.s3.ap-northeast-2.amazonaws.com/clutch/earn-event/uploaded/tzxdeylef71m0c",
                  "pointInfoArr": [
                    {
                      "currency": "MVL",
                      "key": "k0",
                      "title": "수령가능한 MVL",
                    },
                  ],
                  "subTitle": "to MVL coins for Driver",
                  "title": "DEV!! Exchange MVL points",
                },
                {
                  "alias": "tada-mvp",
                  "app": {
                    "connectionDeepLink": "***REMOVED***://clutch/connect",
                    "id": "093f89f6-e590-4743-82ab-f5a60f564d58",
                    "name": "tada",
                  },
                  "calcInfoPageUrl": "https://backend.stage-1pei.mvlnft.io/v1/earn-event/web/a39b36f1-7f6d-45f5-95a6-b37eff1f1d86/claim/calc",
                  "claimEndAt": "2022-12-07T23:00:00.000Z",
                  "claimStartAt": "2022-11-14T23:00:00.000Z",
                  "claimType": "CONSTANT",
                  "currency": "bMVL",
                  "currencyIconUrl": "https://mvl-nft-user-service.s3.ap-northeast-2.amazonaws.com/assets/mvl.svg",
                  "detailPageUrl": "https://backend.stage-1pei.mvlnft.io/v1/earn-event/web/a39b36f1-7f6d-45f5-95a6-b37eff1f1d86/detail",
                  "eventActionButtonTitle": "Claim",
                  "eventActionScheme": "***REMOVED***://clutch/connect",
                  "eventEndAt": "2022-11-13T23:00:00.000Z",
                  "eventStartAt": "2022-11-12T23:00:00.000Z",
                  "iconUrl": "https://mvl-nft-user-service.s3.ap-northeast-2.amazonaws.com/clutch/earn-event/uploaded/laywhqudfrtpouc",
                  "id": "a39b36f1-7f6d-45f5-95a6-b37eff1f1d86",
                  "isAllowParticipationInClaim": true,
                  "pointIconUrl": "https://mvl-nft-user-service.s3.ap-northeast-2.amazonaws.com/clutch/earn-event/uploaded/tzxdeylef71m0c",
                  "pointInfoArr": [
                    {
                      "currency": "MVL",
                      "key": "k0",
                      "title": "수령가능한 MVL",
                    },
                  ],
                  "subTitle": "to MVL coins for Rider",
                  "title": "STAGING!! Exchange MVL points",
                },
                {
                  "alias": "tada-mvp",
                  "app": {
                    "connectionDeepLink": "***REMOVED***://clutch/connect",
                    "id": "dd888656-bff7-44e7-864e-37bb8c1cb263",
                    "name": "tada-rider-dev",
                  },
                  "calcInfoPageUrl": "https://backend.stage-1pei.mvlnft.io/v1/earn-event/web/05d72db6-6ef5-4f82-8ff5-e7c7955802d2/claim/calc",
                  "claimEndAt": "2022-12-07T23:00:00.000Z",
                  "claimStartAt": "2022-11-14T23:00:00.000Z",
                  "claimType": "CONSTANT",
                  "currency": "bMVL",
                  "currencyIconUrl": "https://mvl-nft-user-service.s3.ap-northeast-2.amazonaws.com/assets/mvl.svg",
                  "detailPageUrl": "https://backend.stage-1pei.mvlnft.io/v1/earn-event/web/05d72db6-6ef5-4f82-8ff5-e7c7955802d2/detail",
                  "eventActionButtonTitle": "Claim",
                  "eventActionScheme": "***REMOVED***://clutch/connect",
                  "eventEndAt": "2022-11-13T23:00:00.000Z",
                  "eventStartAt": "2022-11-12T23:00:00.000Z",
                  "iconUrl": "https://mvl-nft-user-service.s3.ap-northeast-2.amazonaws.com/clutch/earn-event/uploaded/laywhqudfrtpouc",
                  "id": "05d72db6-6ef5-4f82-8ff5-e7c7955802d2",
                  "isAllowParticipationInClaim": true,
                  "pointIconUrl": "https://mvl-nft-user-service.s3.ap-northeast-2.amazonaws.com/clutch/earn-event/uploaded/tzxdeylef71m0c",
                  "pointInfoArr": [
                    {
                      "currency": "MVL",
                      "key": "k0",
                      "title": "수령가능한 MVL",
                    },
                  ],
                  "subTitle": "to MVL coins for Rider",
                  "title": "DEV!! Exchange MVL points",
                },
              ]
            }
            dataProvider={
              DataProvider {
                "_data": [
                  {
                    "alias": "tada-mvp",
                    "app": {
                      "connectionDeepLink": null,
                      "id": "3d100001-ffff-4000-a000-000000000000",
                      "name": "TADA-DRIVER-STAGING",
                    },
                    "calcInfoPageUrl": "https://backend.stage-1pei.mvlnft.io/v1/earn-event/web/65974552-8035-4242-9eb6-1a3ad2321094/claim/calc",
                    "claimEndAt": "2022-12-07T23:00:00.000Z",
                    "claimStartAt": "2022-11-14T23:00:00.000Z",
                    "claimType": "CONSTANT",
                    "currency": "bMVL",
                    "currencyIconUrl": "https://mvl-nft-user-service.s3.ap-northeast-2.amazonaws.com/assets/mvl.svg",
                    "detailPageUrl": "https://backend.stage-1pei.mvlnft.io/v1/earn-event/web/65974552-8035-4242-9eb6-1a3ad2321094/detail",
                    "eventActionButtonTitle": "Claim",
                    "eventActionScheme": "***REMOVED***://clutch/connect",
                    "eventEndAt": "2022-11-11T23:00:00.000Z",
                    "eventStartAt": "2022-11-07T23:00:00.000Z",
                    "iconUrl": "https://mvl-nft-user-service.s3.ap-northeast-2.amazonaws.com/clutch/earn-event/uploaded/laywhqudfrtpouc",
                    "id": "65974552-8035-4242-9eb6-1a3ad2321094",
                    "isAllowParticipationInClaim": true,
                    "pointIconUrl": "https://mvl-nft-user-service.s3.ap-northeast-2.amazonaws.com/clutch/earn-event/uploaded/tzxdeylef71m0c",
                    "pointInfoArr": [
                      {
                        "currency": "MVL",
                        "key": "k0",
                        "title": "수령가능한 MVL",
                      },
                    ],
                    "subTitle": "to MVL coins for Driver",
                    "title": "STAGING!! Exchange MVL points",
                  },
                  {
                    "alias": "tada-mvp",
                    "app": {
                      "connectionDeepLink": null,
                      "id": "3d100001-eeee-4000-a000-000000000000",
                      "name": "TADA-DRIVER-DEV",
                    },
                    "calcInfoPageUrl": "https://backend.stage-1pei.mvlnft.io/v1/earn-event/web/6360d830-8b30-4b8d-8b7b-4994d23f12eb/claim/calc",
                    "claimEndAt": "2022-12-07T23:00:00.000Z",
                    "claimStartAt": "2022-11-14T23:00:00.000Z",
                    "claimType": "CONSTANT",
                    "currency": "bMVL",
                    "currencyIconUrl": "https://mvl-nft-user-service.s3.ap-northeast-2.amazonaws.com/assets/mvl.svg",
                    "detailPageUrl": "https://backend.stage-1pei.mvlnft.io/v1/earn-event/web/6360d830-8b30-4b8d-8b7b-4994d23f12eb/detail",
                    "eventActionButtonTitle": "Claim",
                    "eventActionScheme": "***REMOVED***://clutch/connect",
                    "eventEndAt": "2022-11-13T23:00:00.000Z",
                    "eventStartAt": "2022-11-12T23:00:00.000Z",
                    "iconUrl": "https://mvl-nft-user-service.s3.ap-northeast-2.amazonaws.com/clutch/earn-event/uploaded/laywhqudfrtpouc",
                    "id": "6360d830-8b30-4b8d-8b7b-4994d23f12eb",
                    "isAllowParticipationInClaim": true,
                    "pointIconUrl": "https://mvl-nft-user-service.s3.ap-northeast-2.amazonaws.com/clutch/earn-event/uploaded/tzxdeylef71m0c",
                    "pointInfoArr": [
                      {
                        "currency": "MVL",
                        "key": "k0",
                        "title": "수령가능한 MVL",
                      },
                    ],
                    "subTitle": "to MVL coins for Driver",
                    "title": "DEV!! Exchange MVL points",
                  },
                  {
                    "alias": "tada-mvp",
                    "app": {
                      "connectionDeepLink": "***REMOVED***://clutch/connect",
                      "id": "093f89f6-e590-4743-82ab-f5a60f564d58",
                      "name": "tada",
                    },
                    "calcInfoPageUrl": "https://backend.stage-1pei.mvlnft.io/v1/earn-event/web/a39b36f1-7f6d-45f5-95a6-b37eff1f1d86/claim/calc",
                    "claimEndAt": "2022-12-07T23:00:00.000Z",
                    "claimStartAt": "2022-11-14T23:00:00.000Z",
                    "claimType": "CONSTANT",
                    "currency": "bMVL",
                    "currencyIconUrl": "https://mvl-nft-user-service.s3.ap-northeast-2.amazonaws.com/assets/mvl.svg",
                    "detailPageUrl": "https://backend.stage-1pei.mvlnft.io/v1/earn-event/web/a39b36f1-7f6d-45f5-95a6-b37eff1f1d86/detail",
                    "eventActionButtonTitle": "Claim",
                    "eventActionScheme": "***REMOVED***://clutch/connect",
                    "eventEndAt": "2022-11-13T23:00:00.000Z",
                    "eventStartAt": "2022-11-12T23:00:00.000Z",
                    "iconUrl": "https://mvl-nft-user-service.s3.ap-northeast-2.amazonaws.com/clutch/earn-event/uploaded/laywhqudfrtpouc",
                    "id": "a39b36f1-7f6d-45f5-95a6-b37eff1f1d86",
                    "isAllowParticipationInClaim": true,
                    "pointIconUrl": "https://mvl-nft-user-service.s3.ap-northeast-2.amazonaws.com/clutch/earn-event/uploaded/tzxdeylef71m0c",
                    "pointInfoArr": [
                      {
                        "currency": "MVL",
                        "key": "k0",
                        "title": "수령가능한 MVL",
                      },
                    ],
                    "subTitle": "to MVL coins for Rider",
                    "title": "STAGING!! Exchange MVL points",
                  },
                  {
                    "alias": "tada-mvp",
                    "app": {
                      "connectionDeepLink": "***REMOVED***://clutch/connect",
                      "id": "dd888656-bff7-44e7-864e-37bb8c1cb263",
                      "name": "tada-rider-dev",
                    },
                    "calcInfoPageUrl": "https://backend.stage-1pei.mvlnft.io/v1/earn-event/web/05d72db6-6ef5-4f82-8ff5-e7c7955802d2/claim/calc",
                    "claimEndAt": "2022-12-07T23:00:00.000Z",
                    "claimStartAt": "2022-11-14T23:00:00.000Z",
                    "claimType": "CONSTANT",
                    "currency": "bMVL",
                    "currencyIconUrl": "https://mvl-nft-user-service.s3.ap-northeast-2.amazonaws.com/assets/mvl.svg",
                    "detailPageUrl": "https://backend.stage-1pei.mvlnft.io/v1/earn-event/web/05d72db6-6ef5-4f82-8ff5-e7c7955802d2/detail",
                    "eventActionButtonTitle": "Claim",
                    "eventActionScheme": "***REMOVED***://clutch/connect",
                    "eventEndAt": "2022-11-13T23:00:00.000Z",
                    "eventStartAt": "2022-11-12T23:00:00.000Z",
                    "iconUrl": "https://mvl-nft-user-service.s3.ap-northeast-2.amazonaws.com/clutch/earn-event/uploaded/laywhqudfrtpouc",
                    "id": "05d72db6-6ef5-4f82-8ff5-e7c7955802d2",
                    "isAllowParticipationInClaim": true,
                    "pointIconUrl": "https://mvl-nft-user-service.s3.ap-northeast-2.amazonaws.com/clutch/earn-event/uploaded/tzxdeylef71m0c",
                    "pointInfoArr": [
                      {
                        "currency": "MVL",
                        "key": "k0",
                        "title": "수령가능한 MVL",
                      },
                    ],
                    "subTitle": "to MVL coins for Rider",
                    "title": "DEV!! Exchange MVL points",
                  },
                ],
                "_firstIndexToProcess": 0,
                "_hasStableIds": true,
                "_requiresDataChangeHandling": false,
                "_size": 4,
                "getStableId": [Function],
                "rowHasChanged": [Function],
              }
            }
            disableRecycling={false}
            estimatedItemSize={4}
            extendedState={
              {
                "value": [
                  {
                    "alias": "tada-mvp",
                    "app": {
                      "connectionDeepLink": null,
                      "id": "3d100001-ffff-4000-a000-000000000000",
                      "name": "TADA-DRIVER-STAGING",
                    },
                    "calcInfoPageUrl": "https://backend.stage-1pei.mvlnft.io/v1/earn-event/web/65974552-8035-4242-9eb6-1a3ad2321094/claim/calc",
                    "claimEndAt": "2022-12-07T23:00:00.000Z",
                    "claimStartAt": "2022-11-14T23:00:00.000Z",
                    "claimType": "CONSTANT",
                    "currency": "bMVL",
                    "currencyIconUrl": "https://mvl-nft-user-service.s3.ap-northeast-2.amazonaws.com/assets/mvl.svg",
                    "detailPageUrl": "https://backend.stage-1pei.mvlnft.io/v1/earn-event/web/65974552-8035-4242-9eb6-1a3ad2321094/detail",
                    "eventActionButtonTitle": "Claim",
                    "eventActionScheme": "***REMOVED***://clutch/connect",
                    "eventEndAt": "2022-11-11T23:00:00.000Z",
                    "eventStartAt": "2022-11-07T23:00:00.000Z",
                    "iconUrl": "https://mvl-nft-user-service.s3.ap-northeast-2.amazonaws.com/clutch/earn-event/uploaded/laywhqudfrtpouc",
                    "id": "65974552-8035-4242-9eb6-1a3ad2321094",
                    "isAllowParticipationInClaim": true,
                    "pointIconUrl": "https://mvl-nft-user-service.s3.ap-northeast-2.amazonaws.com/clutch/earn-event/uploaded/tzxdeylef71m0c",
                    "pointInfoArr": [
                      {
                        "currency": "MVL",
                        "key": "k0",
                        "title": "수령가능한 MVL",
                      },
                    ],
                    "subTitle": "to MVL coins for Driver",
                    "title": "STAGING!! Exchange MVL points",
                  },
                  {
                    "alias": "tada-mvp",
                    "app": {
                      "connectionDeepLink": null,
                      "id": "3d100001-eeee-4000-a000-000000000000",
                      "name": "TADA-DRIVER-DEV",
                    },
                    "calcInfoPageUrl": "https://backend.stage-1pei.mvlnft.io/v1/earn-event/web/6360d830-8b30-4b8d-8b7b-4994d23f12eb/claim/calc",
                    "claimEndAt": "2022-12-07T23:00:00.000Z",
                    "claimStartAt": "2022-11-14T23:00:00.000Z",
                    "claimType": "CONSTANT",
                    "currency": "bMVL",
                    "currencyIconUrl": "https://mvl-nft-user-service.s3.ap-northeast-2.amazonaws.com/assets/mvl.svg",
                    "detailPageUrl": "https://backend.stage-1pei.mvlnft.io/v1/earn-event/web/6360d830-8b30-4b8d-8b7b-4994d23f12eb/detail",
                    "eventActionButtonTitle": "Claim",
                    "eventActionScheme": "***REMOVED***://clutch/connect",
                    "eventEndAt": "2022-11-13T23:00:00.000Z",
                    "eventStartAt": "2022-11-12T23:00:00.000Z",
                    "iconUrl": "https://mvl-nft-user-service.s3.ap-northeast-2.amazonaws.com/clutch/earn-event/uploaded/laywhqudfrtpouc",
                    "id": "6360d830-8b30-4b8d-8b7b-4994d23f12eb",
                    "isAllowParticipationInClaim": true,
                    "pointIconUrl": "https://mvl-nft-user-service.s3.ap-northeast-2.amazonaws.com/clutch/earn-event/uploaded/tzxdeylef71m0c",
                    "pointInfoArr": [
                      {
                        "currency": "MVL",
                        "key": "k0",
                        "title": "수령가능한 MVL",
                      },
                    ],
                    "subTitle": "to MVL coins for Driver",
                    "title": "DEV!! Exchange MVL points",
                  },
                  {
                    "alias": "tada-mvp",
                    "app": {
                      "connectionDeepLink": "***REMOVED***://clutch/connect",
                      "id": "093f89f6-e590-4743-82ab-f5a60f564d58",
                      "name": "tada",
                    },
                    "calcInfoPageUrl": "https://backend.stage-1pei.mvlnft.io/v1/earn-event/web/a39b36f1-7f6d-45f5-95a6-b37eff1f1d86/claim/calc",
                    "claimEndAt": "2022-12-07T23:00:00.000Z",
                    "claimStartAt": "2022-11-14T23:00:00.000Z",
                    "claimType": "CONSTANT",
                    "currency": "bMVL",
                    "currencyIconUrl": "https://mvl-nft-user-service.s3.ap-northeast-2.amazonaws.com/assets/mvl.svg",
                    "detailPageUrl": "https://backend.stage-1pei.mvlnft.io/v1/earn-event/web/a39b36f1-7f6d-45f5-95a6-b37eff1f1d86/detail",
                    "eventActionButtonTitle": "Claim",
                    "eventActionScheme": "***REMOVED***://clutch/connect",
                    "eventEndAt": "2022-11-13T23:00:00.000Z",
                    "eventStartAt": "2022-11-12T23:00:00.000Z",
                    "iconUrl": "https://mvl-nft-user-service.s3.ap-northeast-2.amazonaws.com/clutch/earn-event/uploaded/laywhqudfrtpouc",
                    "id": "a39b36f1-7f6d-45f5-95a6-b37eff1f1d86",
                    "isAllowParticipationInClaim": true,
                    "pointIconUrl": "https://mvl-nft-user-service.s3.ap-northeast-2.amazonaws.com/clutch/earn-event/uploaded/tzxdeylef71m0c",
                    "pointInfoArr": [
                      {
                        "currency": "MVL",
                        "key": "k0",
                        "title": "수령가능한 MVL",
                      },
                    ],
                    "subTitle": "to MVL coins for Rider",
                    "title": "STAGING!! Exchange MVL points",
                  },
                  {
                    "alias": "tada-mvp",
                    "app": {
                      "connectionDeepLink": "***REMOVED***://clutch/connect",
                      "id": "dd888656-bff7-44e7-864e-37bb8c1cb263",
                      "name": "tada-rider-dev",
                    },
                    "calcInfoPageUrl": "https://backend.stage-1pei.mvlnft.io/v1/earn-event/web/05d72db6-6ef5-4f82-8ff5-e7c7955802d2/claim/calc",
                    "claimEndAt": "2022-12-07T23:00:00.000Z",
                    "claimStartAt": "2022-11-14T23:00:00.000Z",
                    "claimType": "CONSTANT",
                    "currency": "bMVL",
                    "currencyIconUrl": "https://mvl-nft-user-service.s3.ap-northeast-2.amazonaws.com/assets/mvl.svg",
                    "detailPageUrl": "https://backend.stage-1pei.mvlnft.io/v1/earn-event/web/05d72db6-6ef5-4f82-8ff5-e7c7955802d2/detail",
                    "eventActionButtonTitle": "Claim",
                    "eventActionScheme": "***REMOVED***://clutch/connect",
                    "eventEndAt": "2022-11-13T23:00:00.000Z",
                    "eventStartAt": "2022-11-12T23:00:00.000Z",
                    "iconUrl": "https://mvl-nft-user-service.s3.ap-northeast-2.amazonaws.com/clutch/earn-event/uploaded/laywhqudfrtpouc",
                    "id": "05d72db6-6ef5-4f82-8ff5-e7c7955802d2",
                    "isAllowParticipationInClaim": true,
                    "pointIconUrl": "https://mvl-nft-user-service.s3.ap-northeast-2.amazonaws.com/clutch/earn-event/uploaded/tzxdeylef71m0c",
                    "pointInfoArr": [
                      {
                        "currency": "MVL",
                        "key": "k0",
                        "title": "수령가능한 MVL",
                      },
                    ],
                    "subTitle": "to MVL coins for Rider",
                    "title": "DEV!! Exchange MVL points",
                  },
                ],
              }
            }
            externalScrollView={[Function]}
            extraData={
              [
                {
                  "alias": "tada-mvp",
                  "app": {
                    "connectionDeepLink": null,
                    "id": "3d100001-ffff-4000-a000-000000000000",
                    "name": "TADA-DRIVER-STAGING",
                  },
                  "calcInfoPageUrl": "https://backend.stage-1pei.mvlnft.io/v1/earn-event/web/65974552-8035-4242-9eb6-1a3ad2321094/claim/calc",
                  "claimEndAt": "2022-12-07T23:00:00.000Z",
                  "claimStartAt": "2022-11-14T23:00:00.000Z",
                  "claimType": "CONSTANT",
                  "currency": "bMVL",
                  "currencyIconUrl": "https://mvl-nft-user-service.s3.ap-northeast-2.amazonaws.com/assets/mvl.svg",
                  "detailPageUrl": "https://backend.stage-1pei.mvlnft.io/v1/earn-event/web/65974552-8035-4242-9eb6-1a3ad2321094/detail",
                  "eventActionButtonTitle": "Claim",
                  "eventActionScheme": "***REMOVED***://clutch/connect",
                  "eventEndAt": "2022-11-11T23:00:00.000Z",
                  "eventStartAt": "2022-11-07T23:00:00.000Z",
                  "iconUrl": "https://mvl-nft-user-service.s3.ap-northeast-2.amazonaws.com/clutch/earn-event/uploaded/laywhqudfrtpouc",
                  "id": "65974552-8035-4242-9eb6-1a3ad2321094",
                  "isAllowParticipationInClaim": true,
                  "pointIconUrl": "https://mvl-nft-user-service.s3.ap-northeast-2.amazonaws.com/clutch/earn-event/uploaded/tzxdeylef71m0c",
                  "pointInfoArr": [
                    {
                      "currency": "MVL",
                      "key": "k0",
                      "title": "수령가능한 MVL",
                    },
                  ],
                  "subTitle": "to MVL coins for Driver",
                  "title": "STAGING!! Exchange MVL points",
                },
                {
                  "alias": "tada-mvp",
                  "app": {
                    "connectionDeepLink": null,
                    "id": "3d100001-eeee-4000-a000-000000000000",
                    "name": "TADA-DRIVER-DEV",
                  },
                  "calcInfoPageUrl": "https://backend.stage-1pei.mvlnft.io/v1/earn-event/web/6360d830-8b30-4b8d-8b7b-4994d23f12eb/claim/calc",
                  "claimEndAt": "2022-12-07T23:00:00.000Z",
                  "claimStartAt": "2022-11-14T23:00:00.000Z",
                  "claimType": "CONSTANT",
                  "currency": "bMVL",
                  "currencyIconUrl": "https://mvl-nft-user-service.s3.ap-northeast-2.amazonaws.com/assets/mvl.svg",
                  "detailPageUrl": "https://backend.stage-1pei.mvlnft.io/v1/earn-event/web/6360d830-8b30-4b8d-8b7b-4994d23f12eb/detail",
                  "eventActionButtonTitle": "Claim",
                  "eventActionScheme": "***REMOVED***://clutch/connect",
                  "eventEndAt": "2022-11-13T23:00:00.000Z",
                  "eventStartAt": "2022-11-12T23:00:00.000Z",
                  "iconUrl": "https://mvl-nft-user-service.s3.ap-northeast-2.amazonaws.com/clutch/earn-event/uploaded/laywhqudfrtpouc",
                  "id": "6360d830-8b30-4b8d-8b7b-4994d23f12eb",
                  "isAllowParticipationInClaim": true,
                  "pointIconUrl": "https://mvl-nft-user-service.s3.ap-northeast-2.amazonaws.com/clutch/earn-event/uploaded/tzxdeylef71m0c",
                  "pointInfoArr": [
                    {
                      "currency": "MVL",
                      "key": "k0",
                      "title": "수령가능한 MVL",
                    },
                  ],
                  "subTitle": "to MVL coins for Driver",
                  "title": "DEV!! Exchange MVL points",
                },
                {
                  "alias": "tada-mvp",
                  "app": {
                    "connectionDeepLink": "***REMOVED***://clutch/connect",
                    "id": "093f89f6-e590-4743-82ab-f5a60f564d58",
                    "name": "tada",
                  },
                  "calcInfoPageUrl": "https://backend.stage-1pei.mvlnft.io/v1/earn-event/web/a39b36f1-7f6d-45f5-95a6-b37eff1f1d86/claim/calc",
                  "claimEndAt": "2022-12-07T23:00:00.000Z",
                  "claimStartAt": "2022-11-14T23:00:00.000Z",
                  "claimType": "CONSTANT",
                  "currency": "bMVL",
                  "currencyIconUrl": "https://mvl-nft-user-service.s3.ap-northeast-2.amazonaws.com/assets/mvl.svg",
                  "detailPageUrl": "https://backend.stage-1pei.mvlnft.io/v1/earn-event/web/a39b36f1-7f6d-45f5-95a6-b37eff1f1d86/detail",
                  "eventActionButtonTitle": "Claim",
                  "eventActionScheme": "***REMOVED***://clutch/connect",
                  "eventEndAt": "2022-11-13T23:00:00.000Z",
                  "eventStartAt": "2022-11-12T23:00:00.000Z",
                  "iconUrl": "https://mvl-nft-user-service.s3.ap-northeast-2.amazonaws.com/clutch/earn-event/uploaded/laywhqudfrtpouc",
                  "id": "a39b36f1-7f6d-45f5-95a6-b37eff1f1d86",
                  "isAllowParticipationInClaim": true,
                  "pointIconUrl": "https://mvl-nft-user-service.s3.ap-northeast-2.amazonaws.com/clutch/earn-event/uploaded/tzxdeylef71m0c",
                  "pointInfoArr": [
                    {
                      "currency": "MVL",
                      "key": "k0",
                      "title": "수령가능한 MVL",
                    },
                  ],
                  "subTitle": "to MVL coins for Rider",
                  "title": "STAGING!! Exchange MVL points",
                },
                {
                  "alias": "tada-mvp",
                  "app": {
                    "connectionDeepLink": "***REMOVED***://clutch/connect",
                    "id": "dd888656-bff7-44e7-864e-37bb8c1cb263",
                    "name": "tada-rider-dev",
                  },
                  "calcInfoPageUrl": "https://backend.stage-1pei.mvlnft.io/v1/earn-event/web/05d72db6-6ef5-4f82-8ff5-e7c7955802d2/claim/calc",
                  "claimEndAt": "2022-12-07T23:00:00.000Z",
                  "claimStartAt": "2022-11-14T23:00:00.000Z",
                  "claimType": "CONSTANT",
                  "currency": "bMVL",
                  "currencyIconUrl": "https://mvl-nft-user-service.s3.ap-northeast-2.amazonaws.com/assets/mvl.svg",
                  "detailPageUrl": "https://backend.stage-1pei.mvlnft.io/v1/earn-event/web/05d72db6-6ef5-4f82-8ff5-e7c7955802d2/detail",
                  "eventActionButtonTitle": "Claim",
                  "eventActionScheme": "***REMOVED***://clutch/connect",
                  "eventEndAt": "2022-11-13T23:00:00.000Z",
                  "eventStartAt": "2022-11-12T23:00:00.000Z",
                  "iconUrl": "https://mvl-nft-user-service.s3.ap-northeast-2.amazonaws.com/clutch/earn-event/uploaded/laywhqudfrtpouc",
                  "id": "05d72db6-6ef5-4f82-8ff5-e7c7955802d2",
                  "isAllowParticipationInClaim": true,
                  "pointIconUrl": "https://mvl-nft-user-service.s3.ap-northeast-2.amazonaws.com/clutch/earn-event/uploaded/tzxdeylef71m0c",
                  "pointInfoArr": [
                    {
                      "currency": "MVL",
                      "key": "k0",
                      "title": "수령가능한 MVL",
                    },
                  ],
                  "subTitle": "to MVL coins for Rider",
                  "title": "DEV!! Exchange MVL points",
                },
              ]
            }
            finalRenderAheadOffset={250}
            forceNonDeterministicRendering={true}
            horizontal={false}
            initialOffset={0}
            initialRenderIndex={0}
            isHorizontal={false}
            keyExtractor={[Function]}
            layoutProvider={
              GridLayoutProviderWithProps {
                "_acceptableRelayoutDelta": 1,
                "_getHeightOrWidth": [Function],
                "_getLayoutTypeForIndex": [Function],
                "_getSpan": [Function],
                "_hasExpired": false,
                "_maxSpan": 1,
                "_setLayoutForType": [Function],
                "_tempDim": {
                  "height": 0,
                  "width": 0,
                },
                "averageWindow": AverageWindow {
                  "currentAverage": 4,
                  "currentCount": 1,
                  "inputValues": [
                    4,
                  ],
                  "nextIndex": 1,
                },
                "defaultEstimatedItemSize": 100,
                "layoutObject": {
                  "size": undefined,
                  "span": undefined,
                },
                "props": {
                  "data": [
                    {
                      "alias": "tada-mvp",
                      "app": {
                        "connectionDeepLink": null,
                        "id": "3d100001-ffff-4000-a000-000000000000",
                        "name": "TADA-DRIVER-STAGING",
                      },
                      "calcInfoPageUrl": "https://backend.stage-1pei.mvlnft.io/v1/earn-event/web/65974552-8035-4242-9eb6-1a3ad2321094/claim/calc",
                      "claimEndAt": "2022-12-07T23:00:00.000Z",
                      "claimStartAt": "2022-11-14T23:00:00.000Z",
                      "claimType": "CONSTANT",
                      "currency": "bMVL",
                      "currencyIconUrl": "https://mvl-nft-user-service.s3.ap-northeast-2.amazonaws.com/assets/mvl.svg",
                      "detailPageUrl": "https://backend.stage-1pei.mvlnft.io/v1/earn-event/web/65974552-8035-4242-9eb6-1a3ad2321094/detail",
                      "eventActionButtonTitle": "Claim",
                      "eventActionScheme": "***REMOVED***://clutch/connect",
                      "eventEndAt": "2022-11-11T23:00:00.000Z",
                      "eventStartAt": "2022-11-07T23:00:00.000Z",
                      "iconUrl": "https://mvl-nft-user-service.s3.ap-northeast-2.amazonaws.com/clutch/earn-event/uploaded/laywhqudfrtpouc",
                      "id": "65974552-8035-4242-9eb6-1a3ad2321094",
                      "isAllowParticipationInClaim": true,
                      "pointIconUrl": "https://mvl-nft-user-service.s3.ap-northeast-2.amazonaws.com/clutch/earn-event/uploaded/tzxdeylef71m0c",
                      "pointInfoArr": [
                        {
                          "currency": "MVL",
                          "key": "k0",
                          "title": "수령가능한 MVL",
                        },
                      ],
                      "subTitle": "to MVL coins for Driver",
                      "title": "STAGING!! Exchange MVL points",
                    },
                    {
                      "alias": "tada-mvp",
                      "app": {
                        "connectionDeepLink": null,
                        "id": "3d100001-eeee-4000-a000-000000000000",
                        "name": "TADA-DRIVER-DEV",
                      },
                      "calcInfoPageUrl": "https://backend.stage-1pei.mvlnft.io/v1/earn-event/web/6360d830-8b30-4b8d-8b7b-4994d23f12eb/claim/calc",
                      "claimEndAt": "2022-12-07T23:00:00.000Z",
                      "claimStartAt": "2022-11-14T23:00:00.000Z",
                      "claimType": "CONSTANT",
                      "currency": "bMVL",
                      "currencyIconUrl": "https://mvl-nft-user-service.s3.ap-northeast-2.amazonaws.com/assets/mvl.svg",
                      "detailPageUrl": "https://backend.stage-1pei.mvlnft.io/v1/earn-event/web/6360d830-8b30-4b8d-8b7b-4994d23f12eb/detail",
                      "eventActionButtonTitle": "Claim",
                      "eventActionScheme": "***REMOVED***://clutch/connect",
                      "eventEndAt": "2022-11-13T23:00:00.000Z",
                      "eventStartAt": "2022-11-12T23:00:00.000Z",
                      "iconUrl": "https://mvl-nft-user-service.s3.ap-northeast-2.amazonaws.com/clutch/earn-event/uploaded/laywhqudfrtpouc",
                      "id": "6360d830-8b30-4b8d-8b7b-4994d23f12eb",
                      "isAllowParticipationInClaim": true,
                      "pointIconUrl": "https://mvl-nft-user-service.s3.ap-northeast-2.amazonaws.com/clutch/earn-event/uploaded/tzxdeylef71m0c",
                      "pointInfoArr": [
                        {
                          "currency": "MVL",
                          "key": "k0",
                          "title": "수령가능한 MVL",
                        },
                      ],
                      "subTitle": "to MVL coins for Driver",
                      "title": "DEV!! Exchange MVL points",
                    },
                    {
                      "alias": "tada-mvp",
                      "app": {
                        "connectionDeepLink": "***REMOVED***://clutch/connect",
                        "id": "093f89f6-e590-4743-82ab-f5a60f564d58",
                        "name": "tada",
                      },
                      "calcInfoPageUrl": "https://backend.stage-1pei.mvlnft.io/v1/earn-event/web/a39b36f1-7f6d-45f5-95a6-b37eff1f1d86/claim/calc",
                      "claimEndAt": "2022-12-07T23:00:00.000Z",
                      "claimStartAt": "2022-11-14T23:00:00.000Z",
                      "claimType": "CONSTANT",
                      "currency": "bMVL",
                      "currencyIconUrl": "https://mvl-nft-user-service.s3.ap-northeast-2.amazonaws.com/assets/mvl.svg",
                      "detailPageUrl": "https://backend.stage-1pei.mvlnft.io/v1/earn-event/web/a39b36f1-7f6d-45f5-95a6-b37eff1f1d86/detail",
                      "eventActionButtonTitle": "Claim",
                      "eventActionScheme": "***REMOVED***://clutch/connect",
                      "eventEndAt": "2022-11-13T23:00:00.000Z",
                      "eventStartAt": "2022-11-12T23:00:00.000Z",
                      "iconUrl": "https://mvl-nft-user-service.s3.ap-northeast-2.amazonaws.com/clutch/earn-event/uploaded/laywhqudfrtpouc",
                      "id": "a39b36f1-7f6d-45f5-95a6-b37eff1f1d86",
                      "isAllowParticipationInClaim": true,
                      "pointIconUrl": "https://mvl-nft-user-service.s3.ap-northeast-2.amazonaws.com/clutch/earn-event/uploaded/tzxdeylef71m0c",
                      "pointInfoArr": [
                        {
                          "currency": "MVL",
                          "key": "k0",
                          "title": "수령가능한 MVL",
                        },
                      ],
                      "subTitle": "to MVL coins for Rider",
                      "title": "STAGING!! Exchange MVL points",
                    },
                    {
                      "alias": "tada-mvp",
                      "app": {
                        "connectionDeepLink": "***REMOVED***://clutch/connect",
                        "id": "dd888656-bff7-44e7-864e-37bb8c1cb263",
                        "name": "tada-rider-dev",
                      },
                      "calcInfoPageUrl": "https://backend.stage-1pei.mvlnft.io/v1/earn-event/web/05d72db6-6ef5-4f82-8ff5-e7c7955802d2/claim/calc",
                      "claimEndAt": "2022-12-07T23:00:00.000Z",
                      "claimStartAt": "2022-11-14T23:00:00.000Z",
                      "claimType": "CONSTANT",
                      "currency": "bMVL",
                      "currencyIconUrl": "https://mvl-nft-user-service.s3.ap-northeast-2.amazonaws.com/assets/mvl.svg",
                      "detailPageUrl": "https://backend.stage-1pei.mvlnft.io/v1/earn-event/web/05d72db6-6ef5-4f82-8ff5-e7c7955802d2/detail",
                      "eventActionButtonTitle": "Claim",
                      "eventActionScheme": "***REMOVED***://clutch/connect",
                      "eventEndAt": "2022-11-13T23:00:00.000Z",
                      "eventStartAt": "2022-11-12T23:00:00.000Z",
                      "iconUrl": "https://mvl-nft-user-service.s3.ap-northeast-2.amazonaws.com/clutch/earn-event/uploaded/laywhqudfrtpouc",
                      "id": "05d72db6-6ef5-4f82-8ff5-e7c7955802d2",
                      "isAllowParticipationInClaim": true,
                      "pointIconUrl": "https://mvl-nft-user-service.s3.ap-northeast-2.amazonaws.com/clutch/earn-event/uploaded/tzxdeylef71m0c",
                      "pointInfoArr": [
                        {
                          "currency": "MVL",
                          "key": "k0",
                          "title": "수령가능한 MVL",
                        },
                      ],
                      "subTitle": "to MVL coins for Rider",
                      "title": "DEV!! Exchange MVL points",
                    },
                  ],
                  "estimatedItemSize": 4,
                  "extraData": [
                    {
                      "alias": "tada-mvp",
                      "app": {
                        "connectionDeepLink": null,
                        "id": "3d100001-ffff-4000-a000-000000000000",
                        "name": "TADA-DRIVER-STAGING",
                      },
                      "calcInfoPageUrl": "https://backend.stage-1pei.mvlnft.io/v1/earn-event/web/65974552-8035-4242-9eb6-1a3ad2321094/claim/calc",
                      "claimEndAt": "2022-12-07T23:00:00.000Z",
                      "claimStartAt": "2022-11-14T23:00:00.000Z",
                      "claimType": "CONSTANT",
                      "currency": "bMVL",
                      "currencyIconUrl": "https://mvl-nft-user-service.s3.ap-northeast-2.amazonaws.com/assets/mvl.svg",
                      "detailPageUrl": "https://backend.stage-1pei.mvlnft.io/v1/earn-event/web/65974552-8035-4242-9eb6-1a3ad2321094/detail",
                      "eventActionButtonTitle": "Claim",
                      "eventActionScheme": "***REMOVED***://clutch/connect",
                      "eventEndAt": "2022-11-11T23:00:00.000Z",
                      "eventStartAt": "2022-11-07T23:00:00.000Z",
                      "iconUrl": "https://mvl-nft-user-service.s3.ap-northeast-2.amazonaws.com/clutch/earn-event/uploaded/laywhqudfrtpouc",
                      "id": "65974552-8035-4242-9eb6-1a3ad2321094",
                      "isAllowParticipationInClaim": true,
                      "pointIconUrl": "https://mvl-nft-user-service.s3.ap-northeast-2.amazonaws.com/clutch/earn-event/uploaded/tzxdeylef71m0c",
                      "pointInfoArr": [
                        {
                          "currency": "MVL",
                          "key": "k0",
                          "title": "수령가능한 MVL",
                        },
                      ],
                      "subTitle": "to MVL coins for Driver",
                      "title": "STAGING!! Exchange MVL points",
                    },
                    {
                      "alias": "tada-mvp",
                      "app": {
                        "connectionDeepLink": null,
                        "id": "3d100001-eeee-4000-a000-000000000000",
                        "name": "TADA-DRIVER-DEV",
                      },
                      "calcInfoPageUrl": "https://backend.stage-1pei.mvlnft.io/v1/earn-event/web/6360d830-8b30-4b8d-8b7b-4994d23f12eb/claim/calc",
                      "claimEndAt": "2022-12-07T23:00:00.000Z",
                      "claimStartAt": "2022-11-14T23:00:00.000Z",
                      "claimType": "CONSTANT",
                      "currency": "bMVL",
                      "currencyIconUrl": "https://mvl-nft-user-service.s3.ap-northeast-2.amazonaws.com/assets/mvl.svg",
                      "detailPageUrl": "https://backend.stage-1pei.mvlnft.io/v1/earn-event/web/6360d830-8b30-4b8d-8b7b-4994d23f12eb/detail",
                      "eventActionButtonTitle": "Claim",
                      "eventActionScheme": "***REMOVED***://clutch/connect",
                      "eventEndAt": "2022-11-13T23:00:00.000Z",
                      "eventStartAt": "2022-11-12T23:00:00.000Z",
                      "iconUrl": "https://mvl-nft-user-service.s3.ap-northeast-2.amazonaws.com/clutch/earn-event/uploaded/laywhqudfrtpouc",
                      "id": "6360d830-8b30-4b8d-8b7b-4994d23f12eb",
                      "isAllowParticipationInClaim": true,
                      "pointIconUrl": "https://mvl-nft-user-service.s3.ap-northeast-2.amazonaws.com/clutch/earn-event/uploaded/tzxdeylef71m0c",
                      "pointInfoArr": [
                        {
                          "currency": "MVL",
                          "key": "k0",
                          "title": "수령가능한 MVL",
                        },
                      ],
                      "subTitle": "to MVL coins for Driver",
                      "title": "DEV!! Exchange MVL points",
                    },
                    {
                      "alias": "tada-mvp",
                      "app": {
                        "connectionDeepLink": "***REMOVED***://clutch/connect",
                        "id": "093f89f6-e590-4743-82ab-f5a60f564d58",
                        "name": "tada",
                      },
                      "calcInfoPageUrl": "https://backend.stage-1pei.mvlnft.io/v1/earn-event/web/a39b36f1-7f6d-45f5-95a6-b37eff1f1d86/claim/calc",
                      "claimEndAt": "2022-12-07T23:00:00.000Z",
                      "claimStartAt": "2022-11-14T23:00:00.000Z",
                      "claimType": "CONSTANT",
                      "currency": "bMVL",
                      "currencyIconUrl": "https://mvl-nft-user-service.s3.ap-northeast-2.amazonaws.com/assets/mvl.svg",
                      "detailPageUrl": "https://backend.stage-1pei.mvlnft.io/v1/earn-event/web/a39b36f1-7f6d-45f5-95a6-b37eff1f1d86/detail",
                      "eventActionButtonTitle": "Claim",
                      "eventActionScheme": "***REMOVED***://clutch/connect",
                      "eventEndAt": "2022-11-13T23:00:00.000Z",
                      "eventStartAt": "2022-11-12T23:00:00.000Z",
                      "iconUrl": "https://mvl-nft-user-service.s3.ap-northeast-2.amazonaws.com/clutch/earn-event/uploaded/laywhqudfrtpouc",
                      "id": "a39b36f1-7f6d-45f5-95a6-b37eff1f1d86",
                      "isAllowParticipationInClaim": true,
                      "pointIconUrl": "https://mvl-nft-user-service.s3.ap-northeast-2.amazonaws.com/clutch/earn-event/uploaded/tzxdeylef71m0c",
                      "pointInfoArr": [
                        {
                          "currency": "MVL",
                          "key": "k0",
                          "title": "수령가능한 MVL",
                        },
                      ],
                      "subTitle": "to MVL coins for Rider",
                      "title": "STAGING!! Exchange MVL points",
                    },
                    {
                      "alias": "tada-mvp",
                      "app": {
                        "connectionDeepLink": "***REMOVED***://clutch/connect",
                        "id": "dd888656-bff7-44e7-864e-37bb8c1cb263",
                        "name": "tada-rider-dev",
                      },
                      "calcInfoPageUrl": "https://backend.stage-1pei.mvlnft.io/v1/earn-event/web/05d72db6-6ef5-4f82-8ff5-e7c7955802d2/claim/calc",
                      "claimEndAt": "2022-12-07T23:00:00.000Z",
                      "claimStartAt": "2022-11-14T23:00:00.000Z",
                      "claimType": "CONSTANT",
                      "currency": "bMVL",
                      "currencyIconUrl": "https://mvl-nft-user-service.s3.ap-northeast-2.amazonaws.com/assets/mvl.svg",
                      "detailPageUrl": "https://backend.stage-1pei.mvlnft.io/v1/earn-event/web/05d72db6-6ef5-4f82-8ff5-e7c7955802d2/detail",
                      "eventActionButtonTitle": "Claim",
                      "eventActionScheme": "***REMOVED***://clutch/connect",
                      "eventEndAt": "2022-11-13T23:00:00.000Z",
                      "eventStartAt": "2022-11-12T23:00:00.000Z",
                      "iconUrl": "https://mvl-nft-user-service.s3.ap-northeast-2.amazonaws.com/clutch/earn-event/uploaded/laywhqudfrtpouc",
                      "id": "05d72db6-6ef5-4f82-8ff5-e7c7955802d2",
                      "isAllowParticipationInClaim": true,
                      "pointIconUrl": "https://mvl-nft-user-service.s3.ap-northeast-2.amazonaws.com/clutch/earn-event/uploaded/tzxdeylef71m0c",
                      "pointInfoArr": [
                        {
                          "currency": "MVL",
                          "key": "k0",
                          "title": "수령가능한 MVL",
                        },
                      ],
                      "subTitle": "to MVL coins for Rider",
                      "title": "DEV!! Exchange MVL points",
                    },
                  ],
                  "keyExtractor": [Function],
                  "numColumns": 1,
                  "refreshControl": <RefreshControlMock
                    colors={
                      [
                        "transparent",
                      ]
                    }
                    onRefresh={[MockFunction]}
                    refreshing={false}
                    style={
                      {
                        "backgroundColor": "transparent",
                      }
                    }
                    tintColor="transparent"
                  />,
                  "renderItem": [Function],
                },
                "renderWindowInsets": {
                  "height": 0,
                  "width": 0,
                },
                "shouldRefreshWithAnchoring": true,
              }
            }
            maxRenderAhead={750}
            numColumns={1}
            onEndReached={[Function]}
            onEndReachedThreshold={0}
            onEndReachedThresholdRelative={0}
            onItemLayout={[Function]}
            onLayout={[Function]}
            onScroll={[Function]}
            onScrollBeginDrag={[Function]}
            onSizeChanged={[Function]}
            onVisibleIndicesChanged={[Function]}
            refreshControl={
              <RefreshControlMock
                colors={
                  [
                    "transparent",
                  ]
                }
                onRefresh={[MockFunction]}
                refreshing={false}
                style={
                  {
                    "backgroundColor": "transparent",
                  }
                }
                tintColor="transparent"
              />
            }
            removeClippedSubviews={false}
            renderAheadOffset={0}
            renderAheadStep={250}
            renderContentContainer={[Function]}
            renderItem={[Function]}
            renderItemContainer={[Function]}
            rowRenderer={[Function]}
            scrollEventThrottle={16}
            scrollThrottle={16}
            scrollViewProps={
              {
                "contentContainerStyle": {
                  "backgroundColor": undefined,
                  "minHeight": 1,
                  "minWidth": 1,
                  "paddingLeft": 0,
                  "paddingRight": 0,
                },
                "onLayout": [Function],
                "onScrollBeginDrag": [Function],
                "refreshControl": <RefreshControlMock
                  colors={
                    [
                      "transparent",
                    ]
                  }
                  onRefresh={[MockFunction]}
                  refreshing={false}
                  style={
                    {
                      "backgroundColor": "transparent",
                    }
                  }
                  tintColor="transparent"
                />,
                "style": {
                  "minHeight": 1,
                  "minWidth": 1,
                },
              }
            }
            style={
              {
                "minHeight": 1,
                "minWidth": 1,
              }
            }
            suppressBoundedSizeException={true}
            windowCorrectionConfig={
              {
                "applyToInitialOffset": true,
                "applyToItemScroll": true,
                "value": {
                  "endCorrection": 0,
                  "startCorrection": 0,
                  "windowShift": -0,
                },
              }
            }
          >
            <RCTRefreshControl />
            <View>
              <View
                style={
                  {
                    "flexDirection": "column",
                  }
                }
              >
                <AutoLayoutView
                  enableInstrumentation={false}
                  horizontal={false}
                  onBlankAreaEvent={[Function]}
                  onLayout={[Function]}
                  renderAheadOffset={0}
                  scrollOffset={0}
                  style={
                    {
                      "height": 0,
                      "width": 0,
                    }
                  }
                  windowSize={0}
                />
              </View>
            </View>
          </RCTScrollView>
        </View>
      </View>
    </View>
  </View>,
  ";",
]
`;
